[web.archive.org/web/20250220100831/http_/arctecnic.cat/index.html]
[web-static.archive.org/_static/js/bundle-playback0e4c.js]
[web-static.archive.org/_static/js/wombat9b8c.js]
[web-static.archive.org/_static/css/banner-styles3ae1.css]
[web-static.archive.org/_static/js/ruffle/ruffle.js]
[backblue.gif]
[fade.gif]
[index.html]
[web-static.archive.org/_static/css/iconochive29a7.css]
[web.archive.org/web/20250125004308cs_/https_/arctecnic.cat/wp-content/themes/grow/lib/extentions/prettyPhoto/css/prettyPhoto005e.css]
[web.archive.org/web/20250125004309cs_/https_/arctecnic.cat/wp-content/themes/grow/lib/extentions/bootstrap/css/bootstrap.min95b8.css]
[web.archive.org/web/20250125004309cs_/https_/arctecnic.cat/wp-includes/css/dashicons.min6959.css]
[web.archive.org/web/20250125004309cs_/https_/arctecnic.cat/wp-content/themes/grow/lib/extentions/font-awesome/css/font-awesome.min1849.css]
[web.archive.org/web/20250125004309cs_/https_/arctecnic.cat/wp-content/themes/grow/styles/style-shortcodes578f.css]
[web.archive.org/web/20250125004309cs_/https_/arctecnic.cat/wp-content/themes/grow/style578f.css]
[web.archive.org/web/20250125004309cs_/https_/arctecnic.cat/wp-content/themes/grow/styles/style-responsive578f.css]
[web.archive.org/web/20250125004308js_/https_/arctecnic.cat/wp-includes/js/jquery/jqueryb8ff.js]
[web.archive.org/web/20250125004308js_/https_/arctecnic.cat/wp-includes/js/jquery/jquery-migrate.min330a.js]
[web.archive.org/web/20250124205520im_/https_/arctecnic.cat/wp-content/uploads/2017/06/cropped-LOGO_ARCtecnic_curt-1-32x32.jpg]
[web.archive.org/web/20250124205520im_/https_/arctecnic.cat/wp-content/uploads/2017/06/cropped-LOGO_ARCtecnic_curt-1-192x192.jpg]
[web.archive.org/web/20250124205520im_/https_/arctecnic.cat/wp-content/uploads/2017/06/cropped-LOGO_ARCtecnic_curt-1-180x180.jpg]
[web.archive.org/web/20250124205518im_/https_/arctecnic.cat/wp-content/uploads/2017/06/cropped-cropped-cropped-LOGO_ARCtecnic_arquitectura-tecnica.jpg]
[web.archive.org/web/20250125004308im_/https_/arctecnic.cat/wp-content/themes/grow/images/transparent.png]
[web.archive.org/web/20250124205518im_/http_/arctecnic.cat/wp-content/uploads/2017/06/fotos-077.jpg]
[web.archive.org/web/20250124205518im_/http_/arctecnic.cat/wp-content/uploads/2017/06/gauses-1-1.jpg]
[web.archive.org/web/20250124205518im_/http_/arctecnic.cat/wp-content/uploads/2017/06/Imagen-001.jpg]
[web.archive.org/web/20250125004308js_/https_/arctecnic.cat/wp-includes/js/imagesloaded.min55a0.js]
[web.archive.org/web/20250125004308js_/https_/arctecnic.cat/wp-content/themes/grow/lib/extentions/prettyPhoto/js/jquery.prettyPhoto005e.js]
[web.archive.org/web/20250125004308js_/https_/arctecnic.cat/wp-content/themes/grow/lib/scripts/modernizr61da.js]
[web.archive.org/web/20250125004308js_/https_/arctecnic.cat/wp-content/themes/grow/lib/scripts/plugins/waypoints/waypoints.minb95e.js]
[web.archive.org/web/20250125004308js_/https_/arctecnic.cat/wp-content/themes/grow/lib/scripts/plugins/scrollup/jquery.scrollUp.min8066.js]
[web.archive.org/web/20250125004308js_/https_/arctecnic.cat/wp-content/themes/grow/lib/extentions/bootstrap/js/bootstrap95b8.js]
[web.archive.org/web/20250125004308js_/https_/arctecnic.cat/wp-content/themes/grow/lib/scripts/main-frontend578f.js]
[web.archive.org/web/20250125004308js_/https_/arctecnic.cat/wp-content/themes/grow/lib/scripts/plugins/ResponsiveSlides/responsiveslides.min2602.js]
[web.archive.org/web/20250125004308js_/https_/arctecnic.cat/wp-content/themes/grow/lib/scripts/plugins/ResponsiveSlides/responsiveslides-call578f.js]
[web.archive.org/web/20250125004308js_/https_/arctecnic.cat/wp-includes/js/wp-embed.min6959.js]
[web.archive.org/web/20250220100831/http_/arctecnic.cat/index.html]
[web-static.archive.org/_static/css/banner-styles3ae1.css]
[web-static.archive.org/_static/css/iconochive29a7.css]
[web.archive.org/web/20220214134235im_/http_/arctecnic.cat/wp-content/themes/grow/lib/extentions/prettyPhoto/images/prettyPhoto/default/sprite.png]
[web.archive.org/web/20220407213500im_/http_/arctecnic.cat/wp-content/themes/grow/lib/extentions/prettyPhoto/images/prettyPhoto/default/sprite_x.png]
[web.archive.org/web/20220121173939im_/http_/arctecnic.cat/wp-content/themes/grow/lib/extentions/prettyPhoto/images/prettyPhoto/default/sprite_y.png]
[web.archive.org/web/20220121210406im_/http_/arctecnic.cat/wp-content/themes/grow/lib/extentions/prettyPhoto/images/prettyPhoto/default/sprite_next.png]
[web.archive.org/web/20220210065451im_/http_/arctecnic.cat/wp-content/themes/grow/lib/extentions/prettyPhoto/images/prettyPhoto/default/sprite_prev.png]
[web.archive.org/web/20220203073458im_/http_/arctecnic.cat/wp-content/themes/grow/lib/extentions/prettyPhoto/images/prettyPhoto/default/default_thumb.png]
[web.archive.org/web/20220416060535im_/http_/arctecnic.cat/wp-content/themes/grow/lib/extentions/prettyPhoto/images/prettyPhoto/default/loader.gif]
[web.archive.org/web/20220924223618im_/https_/arctecnic.cat/wp-content/themes/grow/lib/extentions/prettyPhoto/images/prettyPhoto/light_rounded/sprite.png]
[web.archive.org/web/20220321165535im_/http_/arctecnic.cat/wp-content/themes/grow/lib/extentions/prettyPhoto/images/prettyPhoto/light_rounded/btnNext.png]
[web.archive.org/web/20220312105440im_/http_/arctecnic.cat/wp-content/themes/grow/lib/extentions/prettyPhoto/images/prettyPhoto/light_rounded/btnPrevious.png]
[web.archive.org/web/20220203104040im_/http_/arctecnic.cat/wp-content/themes/grow/lib/extentions/prettyPhoto/images/prettyPhoto/light_rounded/loader.gif]
[web.archive.org/web/20220321175446im_/http_/arctecnic.cat/wp-content/themes/grow/lib/extentions/prettyPhoto/images/prettyPhoto/dark_rounded/sprite.png]
[web.archive.org/web/20220203105120im_/http_/arctecnic.cat/wp-content/themes/grow/lib/extentions/prettyPhoto/images/prettyPhoto/dark_rounded/contentPattern.png]
[web.archive.org/web/20220924223617im_/https_/arctecnic.cat/wp-content/themes/grow/lib/extentions/prettyPhoto/images/prettyPhoto/dark_rounded/btnNext.png]
[web.archive.org/web/20220214085656im_/http_/arctecnic.cat/wp-content/themes/grow/lib/extentions/prettyPhoto/images/prettyPhoto/dark_rounded/btnPrevious.png]
[web.archive.org/web/20220121210406im_/http_/arctecnic.cat/wp-content/themes/grow/lib/extentions/prettyPhoto/images/prettyPhoto/dark_rounded/loader.gif]
[web.archive.org/web/20220407204826im_/http_/arctecnic.cat/wp-content/themes/grow/lib/extentions/prettyPhoto/images/prettyPhoto/dark_square/loader.gif]
[web.archive.org/web/20220312101504im_/http_/arctecnic.cat/wp-content/themes/grow/lib/extentions/prettyPhoto/images/prettyPhoto/dark_square/sprite.png]
[web.archive.org/web/20220309225934im_/http_/arctecnic.cat/wp-content/themes/grow/lib/extentions/prettyPhoto/images/prettyPhoto/dark_square/btnNext.png]
[web.archive.org/web/20220404163910im_/http_/arctecnic.cat/wp-content/themes/grow/lib/extentions/prettyPhoto/images/prettyPhoto/dark_square/btnPrevious.png]
[web.archive.org/web/20220415110943im_/http_/arctecnic.cat/wp-content/themes/grow/lib/extentions/prettyPhoto/images/prettyPhoto/light_square/sprite.png]
[web.archive.org/web/20220416055804im_/http_/arctecnic.cat/wp-content/themes/grow/lib/extentions/prettyPhoto/images/prettyPhoto/light_square/btnNext.png]
[web.archive.org/web/20220319085658im_/http_/arctecnic.cat/wp-content/themes/grow/lib/extentions/prettyPhoto/images/prettyPhoto/light_square/btnPrevious.png]
[web.archive.org/web/20220404162759im_/http_/arctecnic.cat/wp-content/themes/grow/lib/extentions/prettyPhoto/images/prettyPhoto/facebook/sprite.png]
[web.archive.org/web/20220321175957im_/http_/arctecnic.cat/wp-content/themes/grow/lib/extentions/prettyPhoto/images/prettyPhoto/facebook/contentPatternTop.png]
[web.archive.org/web/20220214112527im_/http_/arctecnic.cat/wp-content/themes/grow/lib/extentions/prettyPhoto/images/prettyPhoto/facebook/contentPatternLeft.png]
[web.archive.org/web/20220214085656im_/http_/arctecnic.cat/wp-content/themes/grow/lib/extentions/prettyPhoto/images/prettyPhoto/facebook/contentPatternRight.png]
[web.archive.org/web/20220210084539im_/http_/arctecnic.cat/wp-content/themes/grow/lib/extentions/prettyPhoto/images/prettyPhoto/facebook/loader.gif]
[web.archive.org/web/20220319061541im_/http_/arctecnic.cat/wp-content/themes/grow/lib/extentions/prettyPhoto/images/prettyPhoto/facebook/btnNext.png]
[web.archive.org/web/20220121173934im_/http_/arctecnic.cat/wp-content/themes/grow/lib/extentions/prettyPhoto/images/prettyPhoto/facebook/btnPrevious.png]
[web.archive.org/web/20220404171000im_/http_/arctecnic.cat/wp-content/themes/grow/lib/extentions/prettyPhoto/images/prettyPhoto/facebook/contentPatternBottom.png]
[web.archive.org/web/20220309224131im_/http_/arctecnic.cat/wp-content/themes/grow/lib/extentions/prettyPhoto/images/prettyPhoto/facebook/default_thumbnail.gif]
[web.archive.org/web/20250125004308cs_/https_/arctecnic.cat/wp-content/themes/grow/lib/extentions/prettyPhoto/css/prettyPhoto005e.css]
[web.archive.org/web/20250125004309cs_/https_/arctecnic.cat/wp-content/themes/grow/lib/extentions/bootstrap/css/bootstrap.min95b8.css]
[web.archive.org/web/20250125004309cs_/https_/arctecnic.cat/wp-includes/css/dashicons.min6959.css]
[web.archive.org/web/20250125004309cs_/https_/arctecnic.cat/wp-content/themes/grow/lib/extentions/font-awesome/css/font-awesome.min1849.css]
[web.archive.org/web/20220131085358im_/http_/arctecnic.cat/wp-content/themes/grow/images/icons/color/X.png]
[web.archive.org/web/20220402002004im_/http_/arctecnic.cat/wp-content/themes/grow/images/icons/color/No.png]
[web.archive.org/web/20220131085359im_/http_/arctecnic.cat/wp-content/themes/grow/images/icons/color/World-download.png]
[web.archive.org/web/20220212152432im_/http_/arctecnic.cat/wp-content/themes/grow/images/icons/color/Checkmark.png]
[web.archive.org/web/20220129220652im_/http_/arctecnic.cat/wp-content/themes/grow/images/icons/color/Info.png]
[web.archive.org/web/20220129220652im_/http_/arctecnic.cat/wp-content/themes/grow/images/icons/color/Questions.png]
[web.archive.org/web/20220311053153im_/http_/arctecnic.cat/wp-content/themes/grow/images/icons/color/Warning.png]
[web.archive.org/web/20220114175722im_/http_/arctecnic.cat/wp-content/themes/grow/images/icons/color/Chat.png]
[web.archive.org/web/20220315024324im_/http_/arctecnic.cat/wp-content/themes/grow/images/shortcodes/icon-tick.png]
[web.archive.org/web/20220131085358im_/http_/arctecnic.cat/wp-content/themes/grow/images/shortcodes/icon-cross.png]
[web.archive.org/web/20250125004309cs_/https_/arctecnic.cat/wp-content/themes/grow/styles/style-shortcodes578f.css]
[web.archive.org/web/20220312104322im_/http_/arctecnic.cat/wp-content/themes/grow/images/widgets/twitter-bird-light-bgs.png]
[web.archive.org/web/20220309223920im_/http_/arctecnic.cat/wp-content/themes/grow/images/widgets/twitter-bird-dark-bgs.png]
[web.archive.org/web/20250125004309cs_/https_/arctecnic.cat/wp-content/themes/grow/style578f.css]
[web.archive.org/web/20250125004309cs_/https_/arctecnic.cat/wp-content/themes/grow/styles/style-responsive578f.css]
[web.archive.org/web/20220131085358im_/http_/arctecnic.cat/wp-content/themes/grow/images/icons/color/X.html]
[web.archive.org/web/20220402002004im_/http_/arctecnic.cat/wp-content/themes/grow/images/icons/color/No.html]
[web.archive.org/web/20220131085359im_/http_/arctecnic.cat/wp-content/themes/grow/images/icons/color/World-download.html]
[web.archive.org/web/20220212152432im_/http_/arctecnic.cat/wp-content/themes/grow/images/icons/color/Checkmark.html]
[web.archive.org/web/20220129220652im_/http_/arctecnic.cat/wp-content/themes/grow/images/icons/color/Info.html]
[web.archive.org/web/20220129220652im_/http_/arctecnic.cat/wp-content/themes/grow/images/icons/color/Questions.html]
[web.archive.org/web/20220311053153im_/http_/arctecnic.cat/wp-content/themes/grow/images/icons/color/Warning.html]
[web.archive.org/web/20220114175722im_/http_/arctecnic.cat/wp-content/themes/grow/images/icons/color/Chat.html]
[web.archive.org/web/20220315024324im_/http_/arctecnic.cat/wp-content/themes/grow/images/shortcodes/icon-tick.html]
[web.archive.org/web/20220131085358im_/http_/arctecnic.cat/wp-content/themes/grow/images/shortcodes/icon-cross.html]
[web.archive.org/web/20220312104322im_/http_/arctecnic.cat/wp-content/themes/grow/images/widgets/twitter-bird-light-bgs.html]
[web.archive.org/web/20220309223920im_/http_/arctecnic.cat/wp-content/themes/grow/images/widgets/twitter-bird-dark-bgs.html]
